// Jest Snapshot v1, https://goo.gl/fbAQLP

exports[`snapshot match the snapshot 1`] = `
<div
  className="UserInfo"
>
  <div
    className="InfoContainer"
  >
    <div
      className="Option"
    >
      <input
        data-testid="defaultPhone"
        defaultChecked={true}
        id="defaultPhone"
        name="phone"
        onChange={[Function]}
        type="radio"
      />
      <label
        htmlFor="defaultPhone"
      >
        Default phone:
      </label>
      <span
        data-testid="user-phone"
      >
        123
      </span>
    </div>
    <div
      className="Option"
    >
      <input
        data-testid="newPhone"
        id="newPhone"
        name="phone"
        onChange={[Function]}
        type="radio"
      />
      <label
        htmlFor="newPhone"
      >
        New phone:
      </label>
      <input
        className="Phone"
        disabled={true}
        name="phone"
        onChange={[Function]}
        placeholder="new phone"
      />
    </div>
  </div>
  <div
    className="InfoContainer"
  >
    <div
      className="Option"
    >
      <input
        data-testid="defaultAddress"
        defaultChecked={true}
        id="defaultAddress"
        name="address"
        onChange={[Function]}
        type="radio"
      />
      <label
        htmlFor="defaultAddress"
      >
        Default address:
      </label>
      <span
        data-testid="user-address"
      >
        aaa
      </span>
    </div>
    <div
      className="Option"
    >
      <input
        data-testid="newAddress"
        id="newAddress"
        name="address"
        onChange={[Function]}
        type="radio"
      />
      <label
        htmlFor="newAddress"
      >
        New address:
      </label>
      <div>
        <textarea
          className="AddressText"
          disabled={true}
          name="address"
          onChange={[Function]}
          placeholder="new address"
        />
      </div>
    </div>
  </div>
</div>
`;
