// Jest Snapshot v1, https://goo.gl/fbAQLP

exports[`snapshot 1`] = `
<div
  className="Container"
>
  <img
    alt="Casual Outfit"
    sizes="(max-width: 380px) 200px, 500px"
    src="./assets/images/casual-dress.jpg"
    srcSet="./assets/images/casual-dress-mobile.jpg 200w, ./assets/images/casual-dress.jpg 500w"
  />
  <div
    className="Info"
  >
    <a
      className="Link"
      href="/products/casual"
      onClick={[Function]}
    >
      <h1
        data-testid="itemTitle"
      >
        Casual Outfit
      </h1>
    </a>
  </div>
</div>
`;
