// Jest Snapshot v1, https://goo.gl/fbAQLP

exports[`match the snapshot 1`] = `
<div
  className="Container"
>
  <img
    alt="title"
    sizes="(max-width: 380px) 200px, 500px"
    src="img"
    srcSet="imgMobile 200w, img 500w"
  />
  <div
    className="Info"
  >
    <a
      className="Link"
      data-testid="categorty-link"
      href="/products/category"
      onClick={[Function]}
    >
      <h1>
        title
      </h1>
    </a>
  </div>
</div>
`;
